// Bun Snapshot v1, https://bun.sh/docs/test/snapshots

exports[`generateSVGDiagram with glitchCoffeeOrigamiHot: glitchCoffeeOrigamiHot 1`] = `
"<svg viewBox="0 0 600 580" xmlns="http://www.w3.org/2000/svg" style="font-family: system-ui, -apple-system, sans-serif; background: white;"><defs>
    <style>
      .header-text { font-size: 14px; fill: #666; }
      .step-number { font-size: 16px; font-weight: 600; fill: #333; }
      .time-text { font-size: 13px; fill: #666; }
      .instruction-text { font-size: 12px; fill: #444; }
      .icon { color: #333; }
      .divider { stroke: #e0e0e0; stroke-width: 1; stroke-dasharray: 3,3; }
    </style>
  </defs><g transform="translate(20, 20)"><text x="0" y="15" class="header-text" style="fill: #666;">Glitch Coffee Origami Hot Recipe</text></g><line x1="20" y1="60" x2="580" y2="60" class="divider"/><g transform="translate(20, 80)"><g transform="translate(0, 0)">
          <g class="icon"><path d="M8 4h8v3c0 4-2 7-4 7s-4-3-4-7V4z" fill="none" stroke="currentColor" stroke-width="1.5"/><path d="M6 4h12" stroke="currentColor" stroke-width="1.5" stroke-linecap="round"/><path d="M10 14v4h4v-4" stroke="currentColor" stroke-width="1.5" stroke-linecap="round" stroke-linejoin="round"/></g>
          <text x="30" y="15" class="header-text">origami</text>
        </g><g transform="translate(100, 0)">
          <g class="icon"><circle cx="12" cy="12" r="3" fill="none" stroke="currentColor" stroke-width="1.5"/><circle cx="12" cy="12" r="1" fill="currentColor"/></g>
          <text x="30" y="15" class="header-text">14.5g</text>
        </g><g transform="translate(200, 0)">
          <g class="icon"><rect x="10" y="4" width="4" height="12" rx="2" fill="none" stroke="currentColor" stroke-width="1.5"/><circle cx="12" cy="18" r="3" fill="none" stroke="currentColor" stroke-width="1.5"/><circle cx="12" cy="18" r="1.5" fill="currentColor"/><line x1="12" y1="8" x2="12" y2="16" stroke="currentColor" stroke-width="1.5"/></g>
          <text x="30" y="15" class="header-text">86-90°C</text>
        </g></g><line x1="20" y1="120" x2="580" y2="120" class="divider"/><g transform="translate(20, 160)"><g transform="translate(0, 0)"><g class="icon"><circle cx="12" cy="13" r="7" fill="none" stroke="currentColor" stroke-width="1.5"/><path d="M12 9v4l2 2" stroke="currentColor" stroke-width="1.5" stroke-linecap="round" stroke-linejoin="round"/><path d="M10 2h4" stroke="currentColor" stroke-width="1.5" stroke-linecap="round"/></g><text x="30" y="15" class="header-text" style="font-weight: 600;">2:30</text></g><g transform="translate(150, 0)">
          <text x="0" y="15" class="header-text" style="font-weight: 600;">1:17.9</text>
        </g><g transform="translate(270, 0)">
          <g class="icon"><path d="M12 2.5s-4 4.5-4 8c0 2.21 1.79 4 4 4s4-1.79 4-4c0-3.5-4-8-4-8z" fill="none" stroke="currentColor" stroke-width="1.5" stroke-linecap="round" stroke-linejoin="round"/></g>
          <text x="30" y="15" class="header-text" style="font-weight: 600;">260g</text>
        </g></g><line x1="20" y1="200" x2="580" y2="200" class="divider"/><g transform="translate(20, 240)"><text x="0" y="20" class="step-number">1.</text><g class="icon" transform="translate(30, 4)"><circle cx="12" cy="13" r="7" fill="none" stroke="currentColor" stroke-width="1.5"/><path d="M12 9v4l2 2" stroke="currentColor" stroke-width="1.5" stroke-linecap="round" stroke-linejoin="round"/><path d="M10 2h4" stroke="currentColor" stroke-width="1.5" stroke-linecap="round"/></g><text x="60" y="20" class="time-text">0:00 - 0:00</text><g transform="translate(30, 45)"><g class="icon" transform="translate(0, -12)"><path d="M12 2.5s-4 4.5-4 8c0 2.21 1.79 4 4 4s4-1.79 4-4c0-3.5-4-8-4-8z" fill="none" stroke="currentColor" stroke-width="1.5" stroke-linecap="round" stroke-linejoin="round"/></g><text x="30" y="0" class="instruction-text">30g</text></g><g transform="translate(110, 45)"><text x="0" y="0" class="instruction-text">wait 0:05</text></g></g><line x1="50" y1="300" x2="580" y2="300" class="divider"/><g transform="translate(20, 320)"><text x="0" y="20" class="step-number">2.</text><g class="icon" transform="translate(30, 4)"><circle cx="12" cy="13" r="7" fill="none" stroke="currentColor" stroke-width="1.5"/><path d="M12 9v4l2 2" stroke="currentColor" stroke-width="1.5" stroke-linecap="round" stroke-linejoin="round"/><path d="M10 2h4" stroke="currentColor" stroke-width="1.5" stroke-linecap="round"/></g><text x="60" y="20" class="time-text">0:00 - 0:20</text><g transform="translate(30, 45)"><g class="icon" transform="translate(0, -12)"><path d="M12 2.5s-4 4.5-4 8c0 2.21 1.79 4 4 4s4-1.79 4-4c0-3.5-4-8-4-8z" fill="none" stroke="currentColor" stroke-width="1.5" stroke-linecap="round" stroke-linejoin="round"/></g><text x="30" y="0" class="instruction-text">30g</text></g><g transform="translate(110, 45)"><text x="0" y="0" class="instruction-text">wait 0:05</text></g></g><line x1="50" y1="380" x2="580" y2="380" class="divider"/><g transform="translate(20, 400)"><text x="0" y="20" class="step-number">3.</text><g class="icon" transform="translate(30, 4)"><circle cx="12" cy="13" r="7" fill="none" stroke="currentColor" stroke-width="1.5"/><path d="M12 9v4l2 2" stroke="currentColor" stroke-width="1.5" stroke-linecap="round" stroke-linejoin="round"/><path d="M10 2h4" stroke="currentColor" stroke-width="1.5" stroke-linecap="round"/></g><text x="60" y="20" class="time-text">0:20 - 1:10</text><g transform="translate(30, 45)"><g class="icon" transform="translate(0, -12)"><path d="M12 2.5s-4 4.5-4 8c0 2.21 1.79 4 4 4s4-1.79 4-4c0-3.5-4-8-4-8z" fill="none" stroke="currentColor" stroke-width="1.5" stroke-linecap="round" stroke-linejoin="round"/></g><text x="30" y="0" class="instruction-text">100g</text></g><g transform="translate(110, 45)"><text x="0" y="0" class="instruction-text">wait 0:15</text></g></g><line x1="50" y1="460" x2="580" y2="460" class="divider"/><g transform="translate(20, 480)"><text x="0" y="20" class="step-number">4.</text><g class="icon" transform="translate(30, 4)"><circle cx="12" cy="13" r="7" fill="none" stroke="currentColor" stroke-width="1.5"/><path d="M12 9v4l2 2" stroke="currentColor" stroke-width="1.5" stroke-linecap="round" stroke-linejoin="round"/><path d="M10 2h4" stroke="currentColor" stroke-width="1.5" stroke-linecap="round"/></g><text x="60" y="20" class="time-text">1:10 - 2:30</text><g transform="translate(30, 45)"><g class="icon" transform="translate(0, -12)"><path d="M12 2.5s-4 4.5-4 8c0 2.21 1.79 4 4 4s4-1.79 4-4c0-3.5-4-8-4-8z" fill="none" stroke="currentColor" stroke-width="1.5" stroke-linecap="round" stroke-linejoin="round"/></g><text x="30" y="0" class="instruction-text">100g</text></g><g transform="translate(110, 45)"><text x="0" y="0" class="instruction-text">wait 0:15</text></g></g></svg>"
`;

exports[`generateSVGDiagram with jamesHoffmannAeropress: jamesHoffmannAeropress 1`] = `
"<svg viewBox="0 0 600 500" xmlns="http://www.w3.org/2000/svg" style="font-family: system-ui, -apple-system, sans-serif; background: white;"><defs>
    <style>
      .header-text { font-size: 14px; fill: #666; }
      .step-number { font-size: 16px; font-weight: 600; fill: #333; }
      .time-text { font-size: 13px; fill: #666; }
      .instruction-text { font-size: 12px; fill: #444; }
      .icon { color: #333; }
      .divider { stroke: #e0e0e0; stroke-width: 1; stroke-dasharray: 3,3; }
    </style>
  </defs><g transform="translate(20, 20)"><text x="0" y="15" class="header-text" style="fill: #666;">James Hoffmann Ultimate AeroPress</text></g><line x1="20" y1="60" x2="580" y2="60" class="divider"/><g transform="translate(20, 80)"><g transform="translate(0, 0)">
          <g class="icon"><path d="M8 4h8v3c0 4-2 7-4 7s-4-3-4-7V4z" fill="none" stroke="currentColor" stroke-width="1.5"/><path d="M6 4h12" stroke="currentColor" stroke-width="1.5" stroke-linecap="round"/><path d="M10 14v4h4v-4" stroke="currentColor" stroke-width="1.5" stroke-linecap="round" stroke-linejoin="round"/></g>
          <text x="30" y="15" class="header-text">aeropress</text>
        </g><g transform="translate(100, 0)">
          <g class="icon"><circle cx="12" cy="12" r="3" fill="none" stroke="currentColor" stroke-width="1.5"/><circle cx="12" cy="12" r="1" fill="currentColor"/></g>
          <text x="30" y="15" class="header-text">11g</text>
        </g><g transform="translate(200, 0)">
          <g class="icon"><rect x="10" y="4" width="4" height="12" rx="2" fill="none" stroke="currentColor" stroke-width="1.5"/><circle cx="12" cy="18" r="3" fill="none" stroke="currentColor" stroke-width="1.5"/><circle cx="12" cy="18" r="1.5" fill="currentColor"/><line x1="12" y1="8" x2="12" y2="16" stroke="currentColor" stroke-width="1.5"/></g>
          <text x="30" y="15" class="header-text">85-99°C</text>
        </g></g><line x1="20" y1="120" x2="580" y2="120" class="divider"/><g transform="translate(20, 160)"><g transform="translate(0, 0)"><g class="icon"><circle cx="12" cy="13" r="7" fill="none" stroke="currentColor" stroke-width="1.5"/><path d="M12 9v4l2 2" stroke="currentColor" stroke-width="1.5" stroke-linecap="round" stroke-linejoin="round"/><path d="M10 2h4" stroke="currentColor" stroke-width="1.5" stroke-linecap="round"/></g><text x="30" y="15" class="header-text" style="font-weight: 600;">4:30</text></g><g transform="translate(150, 0)">
          <text x="0" y="15" class="header-text" style="font-weight: 600;">1:18.2</text>
        </g><g transform="translate(270, 0)">
          <g class="icon"><path d="M12 2.5s-4 4.5-4 8c0 2.21 1.79 4 4 4s4-1.79 4-4c0-3.5-4-8-4-8z" fill="none" stroke="currentColor" stroke-width="1.5" stroke-linecap="round" stroke-linejoin="round"/></g>
          <text x="30" y="15" class="header-text" style="font-weight: 600;">200g</text>
        </g></g><line x1="20" y1="200" x2="580" y2="200" class="divider"/><g transform="translate(20, 240)"><text x="0" y="20" class="step-number">1.</text><g class="icon" transform="translate(30, 4)"><circle cx="12" cy="13" r="7" fill="none" stroke="currentColor" stroke-width="1.5"/><path d="M12 9v4l2 2" stroke="currentColor" stroke-width="1.5" stroke-linecap="round" stroke-linejoin="round"/><path d="M10 2h4" stroke="currentColor" stroke-width="1.5" stroke-linecap="round"/></g><text x="60" y="20" class="time-text">0:00 - 0:00</text><text x="200" y="20" class="time-text" style="font-style: italic; fill: #888;">don't rinse paper</text><g transform="translate(30, 45)"><g class="icon" transform="translate(0, -12)"><path d="M12 2.5s-4 4.5-4 8c0 2.21 1.79 4 4 4s4-1.79 4-4c0-3.5-4-8-4-8z" fill="none" stroke="currentColor" stroke-width="1.5" stroke-linecap="round" stroke-linejoin="round"/></g><text x="30" y="0" class="instruction-text">200g</text></g></g><line x1="50" y1="300" x2="580" y2="300" class="divider"/><g transform="translate(20, 320)"><text x="0" y="20" class="step-number">2.</text><g class="icon" transform="translate(30, 4)"><circle cx="12" cy="13" r="7" fill="none" stroke="currentColor" stroke-width="1.5"/><path d="M12 9v4l2 2" stroke="currentColor" stroke-width="1.5" stroke-linecap="round" stroke-linejoin="round"/><path d="M10 2h4" stroke="currentColor" stroke-width="1.5" stroke-linecap="round"/></g><text x="60" y="20" class="time-text">0:00 - 2:00</text><g transform="translate(30, 45)"><g class="icon" transform="translate(0, -12)"><path d="M12 6c0 0 3 2 3 6s-3 6-3 6" fill="none" stroke="currentColor" stroke-width="1.5" stroke-linecap="round"/><path d="M12 6c0 0 -3 2 -3 6s3 6 3 6" fill="none" stroke="currentColor" stroke-width="1.5" stroke-linecap="round"/></g><text x="30" y="0" class="instruction-text">swirl</text></g></g><line x1="50" y1="380" x2="580" y2="380" class="divider"/><g transform="translate(20, 400)"><text x="0" y="20" class="step-number">3.</text><g class="icon" transform="translate(30, 4)"><circle cx="12" cy="13" r="7" fill="none" stroke="currentColor" stroke-width="1.5"/><path d="M12 9v4l2 2" stroke="currentColor" stroke-width="1.5" stroke-linecap="round" stroke-linejoin="round"/><path d="M10 2h4" stroke="currentColor" stroke-width="1.5" stroke-linecap="round"/></g><text x="60" y="20" class="time-text">2:00 - 4:30</text><text x="200" y="20" class="time-text" style="font-style: italic; fill: #888;">press</text></g></svg>"
`;

exports[`generateSVGDiagram with tetsuKasuyaHybridMethod: tetsuKasuyaHybridMethod 1`] = `
"<svg viewBox="0 0 600 580" xmlns="http://www.w3.org/2000/svg" style="font-family: system-ui, -apple-system, sans-serif; background: white;"><defs>
    <style>
      .header-text { font-size: 14px; fill: #666; }
      .step-number { font-size: 16px; font-weight: 600; fill: #333; }
      .time-text { font-size: 13px; fill: #666; }
      .instruction-text { font-size: 12px; fill: #444; }
      .icon { color: #333; }
      .divider { stroke: #e0e0e0; stroke-width: 1; stroke-dasharray: 3,3; }
    </style>
  </defs><g transform="translate(20, 20)"><text x="0" y="15" class="header-text" style="fill: #666;">Tetsu Kasuya Hybrid method</text></g><line x1="20" y1="60" x2="580" y2="60" class="divider"/><g transform="translate(20, 80)"><g transform="translate(0, 0)">
          <g class="icon"><path d="M8 4h8v3c0 4-2 7-4 7s-4-3-4-7V4z" fill="none" stroke="currentColor" stroke-width="1.5"/><path d="M6 4h12" stroke="currentColor" stroke-width="1.5" stroke-linecap="round"/><path d="M10 14v4h4v-4" stroke="currentColor" stroke-width="1.5" stroke-linecap="round" stroke-linejoin="round"/></g>
          <text x="30" y="15" class="header-text">hario switch</text>
        </g><g transform="translate(100, 0)">
          <g class="icon"><circle cx="12" cy="12" r="3" fill="none" stroke="currentColor" stroke-width="1.5"/><circle cx="12" cy="12" r="1" fill="currentColor"/></g>
          <text x="30" y="15" class="header-text">20g</text>
        </g></g><line x1="20" y1="120" x2="580" y2="120" class="divider"/><g transform="translate(20, 160)"><g transform="translate(0, 0)"><g class="icon"><circle cx="12" cy="13" r="7" fill="none" stroke="currentColor" stroke-width="1.5"/><path d="M12 9v4l2 2" stroke="currentColor" stroke-width="1.5" stroke-linecap="round" stroke-linejoin="round"/><path d="M10 2h4" stroke="currentColor" stroke-width="1.5" stroke-linecap="round"/></g><text x="30" y="15" class="header-text" style="font-weight: 600;">3:30</text></g><g transform="translate(150, 0)">
          <text x="0" y="15" class="header-text" style="font-weight: 600;">1:14.0</text>
        </g><g transform="translate(270, 0)">
          <g class="icon"><path d="M12 2.5s-4 4.5-4 8c0 2.21 1.79 4 4 4s4-1.79 4-4c0-3.5-4-8-4-8z" fill="none" stroke="currentColor" stroke-width="1.5" stroke-linecap="round" stroke-linejoin="round"/></g>
          <text x="30" y="15" class="header-text" style="font-weight: 600;">280g</text>
        </g></g><line x1="20" y1="200" x2="580" y2="200" class="divider"/><g transform="translate(20, 240)"><text x="0" y="20" class="step-number">1.</text><g class="icon" transform="translate(30, 4)"><circle cx="12" cy="13" r="7" fill="none" stroke="currentColor" stroke-width="1.5"/><path d="M12 9v4l2 2" stroke="currentColor" stroke-width="1.5" stroke-linecap="round" stroke-linejoin="round"/><path d="M10 2h4" stroke="currentColor" stroke-width="1.5" stroke-linecap="round"/></g><text x="60" y="20" class="time-text">0:00 - 0:00</text><text x="200" y="20" class="time-text" style="font-style: italic; fill: #888;">open switch</text><g transform="translate(30, 45)"><g class="icon" transform="translate(0, -12)"><path d="M12 2.5s-4 4.5-4 8c0 2.21 1.79 4 4 4s4-1.79 4-4c0-3.5-4-8-4-8z" fill="none" stroke="currentColor" stroke-width="1.5" stroke-linecap="round" stroke-linejoin="round"/></g><text x="30" y="0" class="instruction-text">60g</text></g><g transform="translate(460, 30)">
        <g class="icon" transform="translate(0, -12)"><rect x="10" y="4" width="4" height="12" rx="2" fill="none" stroke="currentColor" stroke-width="1.5"/><circle cx="12" cy="18" r="3" fill="none" stroke="currentColor" stroke-width="1.5"/><circle cx="12" cy="18" r="1.5" fill="currentColor"/><line x1="12" y1="8" x2="12" y2="16" stroke="currentColor" stroke-width="1.5"/></g>
        <text x="30" y="0" class="instruction-text">90°C</text>
      </g></g><line x1="50" y1="300" x2="580" y2="300" class="divider"/><g transform="translate(20, 320)"><text x="0" y="20" class="step-number">2.</text><g class="icon" transform="translate(30, 4)"><circle cx="12" cy="13" r="7" fill="none" stroke="currentColor" stroke-width="1.5"/><path d="M12 9v4l2 2" stroke="currentColor" stroke-width="1.5" stroke-linecap="round" stroke-linejoin="round"/><path d="M10 2h4" stroke="currentColor" stroke-width="1.5" stroke-linecap="round"/></g><text x="60" y="20" class="time-text">0:00 - 0:30</text><g transform="translate(30, 45)"><g class="icon" transform="translate(0, -12)"><path d="M12 2.5s-4 4.5-4 8c0 2.21 1.79 4 4 4s4-1.79 4-4c0-3.5-4-8-4-8z" fill="none" stroke="currentColor" stroke-width="1.5" stroke-linecap="round" stroke-linejoin="round"/></g><text x="30" y="0" class="instruction-text">60g</text></g><g transform="translate(460, 30)">
        <g class="icon" transform="translate(0, -12)"><rect x="10" y="4" width="4" height="12" rx="2" fill="none" stroke="currentColor" stroke-width="1.5"/><circle cx="12" cy="18" r="3" fill="none" stroke="currentColor" stroke-width="1.5"/><circle cx="12" cy="18" r="1.5" fill="currentColor"/><line x1="12" y1="8" x2="12" y2="16" stroke="currentColor" stroke-width="1.5"/></g>
        <text x="30" y="0" class="instruction-text">90°C</text>
      </g></g><line x1="50" y1="380" x2="580" y2="380" class="divider"/><g transform="translate(20, 400)"><text x="0" y="20" class="step-number">3.</text><g class="icon" transform="translate(30, 4)"><circle cx="12" cy="13" r="7" fill="none" stroke="currentColor" stroke-width="1.5"/><path d="M12 9v4l2 2" stroke="currentColor" stroke-width="1.5" stroke-linecap="round" stroke-linejoin="round"/><path d="M10 2h4" stroke="currentColor" stroke-width="1.5" stroke-linecap="round"/></g><text x="60" y="20" class="time-text">0:30 - 1:45</text><text x="200" y="20" class="time-text" style="font-style: italic; fill: #888;">close switch</text><g transform="translate(30, 45)"><g class="icon" transform="translate(0, -12)"><path d="M12 2.5s-4 4.5-4 8c0 2.21 1.79 4 4 4s4-1.79 4-4c0-3.5-4-8-4-8z" fill="none" stroke="currentColor" stroke-width="1.5" stroke-linecap="round" stroke-linejoin="round"/></g><text x="30" y="0" class="instruction-text">160g</text></g><g transform="translate(460, 30)">
        <g class="icon" transform="translate(0, -12)"><rect x="10" y="4" width="4" height="12" rx="2" fill="none" stroke="currentColor" stroke-width="1.5"/><circle cx="12" cy="18" r="3" fill="none" stroke="currentColor" stroke-width="1.5"/><circle cx="12" cy="18" r="1.5" fill="currentColor"/><line x1="12" y1="8" x2="12" y2="16" stroke="currentColor" stroke-width="1.5"/></g>
        <text x="30" y="0" class="instruction-text">70°C</text>
      </g></g><line x1="50" y1="460" x2="580" y2="460" class="divider"/><g transform="translate(20, 480)"><text x="0" y="20" class="step-number">4.</text><g class="icon" transform="translate(30, 4)"><circle cx="12" cy="13" r="7" fill="none" stroke="currentColor" stroke-width="1.5"/><path d="M12 9v4l2 2" stroke="currentColor" stroke-width="1.5" stroke-linecap="round" stroke-linejoin="round"/><path d="M10 2h4" stroke="currentColor" stroke-width="1.5" stroke-linecap="round"/></g><text x="60" y="20" class="time-text">1:45 - 3:30</text><text x="200" y="20" class="time-text" style="font-style: italic; fill: #888;">open switch</text></g></svg>"
`;
